[muieay.top/index.html]
[backblue.gif]
[fade.gif]
[index.html]
[muieay.top/img/favicon.ico]
[lf26-cdn-tos.bytecdntp.com/cdn/expire-1-M/Swiper/8.0.6/swiper-bundle.min.css]
[muieay.top/static/css/normalize.css]
[muieay.top/static/css/style.pc.css]
[muieay.top/static/css/style.phone.css]
[muieay.top/static/upload/qq.png]
[muieay.top/static/upload/qq_c.png]
[muieay.top/static/upload/wx.png]
[muieay.top/static/upload/bilibili.png]
[muieay.top/static/upload/mail.png]
[muieay.top/img/my.jpg]
[muieay.top/static/images/cooperation.png]
[lf26-cdn-tos.bytecdntp.com/cdn/expire-1-M/sweetalert/2.1.1/sweetalert.min.js]
[lf3-cdn-tos.bytecdntp.com/cdn/expire-1-M/jquery/3.5.1/jquery.min.js]
[lf3-cdn-tos.bytecdntp.com/cdn/expire-1-M/Swiper/8.0.6/swiper-bundle.min.js]
[muieay.top/static/js/flexible.js]
[muieay.top/static/js/fireworks.js]
[muieay.top/static/js/index.js]
[widget.qweather.net/standard/static/js/he-standard-common3661.js]
[muieay.top/index.html]
[lf26-cdn-tos.bytecdntp.com/cdn/expire-1-M/Swiper/8.0.6/swiper-bundle.min.css]
[muieay.top/static/css/normalize.css]
[blog.muieay.top/js/Muiconsole.js]
[muieay.top/static/pointer/Pointer.cur]
[muieay.top/static/pointer/Link.cur]
[muieay.top/static/pointer/Text.cur]
[muieay.top/static/pointer/Move.cur]
[muieay.top/static/fonts/jiangnan.eot]
[muieay.top/static/fonts/jiangnand41d.eot]
[muieay.top/static/fonts/jiangnan.woff]
[muieay.top/static/fonts/jiangnan.ttf]
[muieay.top/static/fonts/jianyuanti.ttf]
[muieay.top/static/fonts/iconfont.ttf]
[muieay.top/static/fonts/jiangnan.svg]
[muieay.top/static/images/background2.webp]
[muieay.top/static/images/Gradual-circle.svg]
[muieay.top/static/images/site.png]
[muieay.top/static/css/style.pc.css]
[muieay.top/static/images/background5.webp]
[muieay.top/static/css/style.phone.css]
[muieay.top/static/upload/tiktok.svg]
[muieay.top/static/upload/github.svg]
[muieay.top/static/fonts/jiangnan.svg]
[muieay.top/static/images/Gradual-circle.svg]
